<tal:block tal:define="
    tableName string:installedpackagesreport;
    tm here/ZenTableManager;
    tableState python:tm.getTableState(tableName, sortedSence='asc', sortedHeader='title');

    sts python:tm.setReqTableState;
    deviceBox python:sts(tableName, 'deviceBox', '');
    deviceClass python:sts(tableName, 'deviceClass', '/Server');
    deviceGroup python:sts(tableName, 'deviceGroup', '/');
    deviceSystem python:sts(tableName, 'deviceSystem', '/');
    deviceLocation python:sts(tableName, 'deviceLocation', '/');
    packagesFilter python:sts(tableName, 'packagesFilter','kernel|glibc');
    matchedSoftware python:sts(tableName,'matchedSoftware','');
    objects python:here.ReportServer.plugin('InstalledSoftware', tableState);
 
    batch python:here.ZenTableManager.getBatch(tableName, objects );
    exportFields python:['titleOrId', 'filteredSoftware'];">

<tal:block metal:use-macro="here/reportMacros/macros/exportableReport">
  <tal:block metal:fill-slot="report">
    <tal:block metal:use-macro="here/templates/macros/page1">
      <tal:block metal:fill-slot="breadCrumbPane">
        <span metal:use-macro="here/miscmacros/macros/reportBreadCrumbsList"/>
      </tal:block>

      <tal:block metal:fill-slot="contentPane">

        <form id="devicesClassSelection" method="submit">
          <tal:block tal:define=" tabletitle string:Installed Software">
            <tal:block metal:use-macro="here/zenuimacros/macros/zentable">
              <tal:block metal:fill-slot="zentablecontents">
                <tr>
                  <td class="tableheader" rowspan="1">Device:</td>
                  <td class="tablevalues" rowspan="1">
                    <input class="tablevalues" name="deviceBox" tal:attributes="value deviceBox"/>
                  <td>
                <tr>

                <tr>
                  <td class="tableheader">Device Class:</td>
                  <td class="tablevalues">
                    <select class="tablevalues" name="deviceClass" 
                      tal:define="orgs python:here.getDmdRoot('Devices').getOrganizerNames();">
                      <option tal:repeat="org orgs" 
                        tal:attributes="value org;selected python:org==deviceClass" tal:content="org"/>
                    </select>
                  </td>
                  <td class="tableheader" rowspan="1">Packages Filter:</td>
                  <td class="tablevalues" rowspan="1">
                    <input class="tablevalues" name="packagesFilter" tal:attributes="value packagesFilter"/>
                  </td>
                </tr>

                <tr>
                  <td class="tableheader">Group:</td>
                  <td class="tablevalues">
                    <select class="tablevalues" name="deviceGroup" 
                      tal:define="orgs python:here.getDmdRoot('Groups').getOrganizerNames();">
                      <option tal:repeat="org orgs" 
                        tal:attributes="value org;selected python:org==deviceGroup" tal:content="org"/>
                    </select>
                  </td>
                  <td class="tableheader" rowspan="1">Show only hosts with matched software:</td>
                  <td class="tablevalues" rowspan="1">
                    <input class="tablevalues" type="checkbox" name="matchedSoftware" tal:attributes="checked python:matchedSoftware=='on'"/>
                    <input  type="hidden" name="matchedSoftware:default:boolean"/>
                  </td>
                </tr>

                <tr>
                  <td class="tableheader">System:</td>
                  <td class="tablevalues">
                    <select class="tablevalues" name="deviceSystem"
                      tal:define="orgs python:here.getDmdRoot('Systems').getOrganizerNames();">
                      <option tal:repeat="org orgs"
                        tal:attributes="value org;selected python:org==deviceSystem" tal:content="org"/>
                    </select>
                </tr>

                <tr>
                  <td class="tableheader">Location:</td>
                  <td class="tablevalues">
                    <select class="tablevalues" name="deviceLocation"
                      tal:define="orgs python:here.getDmdRoot('Locations').getOrganizerNames();">
                      <option tal:repeat="org orgs" 
                        tal:attributes="value org;selected python:org==deviceLocation" tal:content="org"/>
                    </select>
                </tr>

                <tr>
                  <td class="tablevalues" colspan="6">
                    <input class="tablevalues" type="Submit" value="Update"/>
                  </td> 
                </tr>
              </tal:block>
            </tal:block>
          </tal:block>
        </form>

        <form method="POST" tal:attributes="action request/URL;">
          <tal:block tal:repeat="r batch">
            <tal:block tal:define="tabletitle python:'%s < kernel: %s collected: %s >' % 
              (r.device.titleOrId, r.device.kernel, r.device.collected)">
              <tal:block metal:use-macro="here/zenuimacros/macros/zentable">
                <tal:block metal:fill-slot="zentablecontents">              
                  <tr>
                    <th tal:replace="structure python:tm.getTableHeader(
                          tableName,'softwarePackage','Software Package')"/>
                    <th tal:replace="structure python:tm.getTableHeader(
                          tableName,'installedDate','Installed Date')"/>
                  </tr>
                  <tal:block tal:repeat="s python:list(r.device.filteredSoftware)">      
                    <tr class="tablevalues">
                      <td class="tablevalues" style="width:50%;" tal:content="python:s.id"/>  
                      <td class="tablevalues" style="width:50%;" tal:content="python:s.getInstallDate()"/>  
                    </tr>
                  </tal:block>
                </tal:block>
              </tal:block> 
            </tal:block>   
          </tal:block>
          <table style="width:100%;">
            <tr>
              <td class="tableheader">
                <form metal:use-macro="here/zenTableNavigation/macros/navtool"/>
              </td>
            <tr>
          </table>
        </form>

      </tal:block>
    </tal:block>
  </tal:block>
</tal:block>
</tal:block>
